MOA/app-next/src/components/site/block-renderer.tsx(86,3): error TS2322: Type '{ id: string; title: string; description: string; bullets: string[]; icon: string; colorToken: string; order: number; }[]' is not assignable to type 'ServiceView[]'.
  Property 'cover' is missing in type '{ id: string; title: string; description: string; bullets: string[]; icon: string; colorToken: string; order: number; }' but required in type 'ServiceView'.
MOA/app-next/src/data/default-content.ts(161,5): error TS2741: Property 'cover_media_id' is missing in type '{ id: string; is_active: true; sort_order: number; icon: string; color_token: string; }' but required in type 'ServiceOffering'.
MOA/app-next/src/data/default-content.ts(162,5): error TS2741: Property 'cover_media_id' is missing in type '{ id: string; is_active: true; sort_order: number; icon: string; color_token: string; }' but required in type 'ServiceOffering'.
MOA/app-next/src/data/default-content.ts(163,5): error TS2741: Property 'cover_media_id' is missing in type '{ id: string; is_active: true; sort_order: number; icon: string; color_token: string; }' but required in type 'ServiceOffering'.
MOA/app-next/src/lib/admin-actions.ts(436,31): error TS2345: Argument of type '{ id: string; is_active: boolean; sort_order: number; icon: string; color_token: string; }' is not assignable to parameter of type 'ServiceOffering'.
  Property 'cover_media_id' is missing in type '{ id: string; is_active: boolean; sort_order: number; icon: string; color_token: string; }' but required in type 'ServiceOffering'.
src/lib/admin-actions.ts(436,31): error TS2345: Argument of type '{ id: string; is_active: boolean; sort_order: number; icon: string; color_token: string; }' is not assignable to parameter of type 'ServiceOffering'.
  Property 'cover_media_id' is missing in type '{ id: string; is_active: boolean; sort_order: number; icon: string; color_token: string; }' but required in type 'ServiceOffering'.
